MemTotal:       32463712 kB
MemFree:        10651228 kB
MemAvailable:   23562404 kB
Buffers:          561116 kB
Cached:         13013892 kB
SwapCached:            0 kB
Active:         11842352 kB
Inactive:        9018492 kB
Active(anon):    7231452 kB
Inactive(anon):   852784 kB
Active(file):    4610900 kB
Inactive(file):  8165708 kB
Unevictable:         192 kB
Mlocked:             192 kB
SwapTotal:        999420 kB
SwapFree:         999420 kB
Dirty:             34724 kB
Writeback:             0 kB
AnonPages:       7286212 kB
Mapped:          1273844 kB
Shmem:            798408 kB
Slab:             723072 kB
SReclaimable:     601568 kB
SUnreclaim:       121504 kB
KernelStack:       21488 kB
PageTables:        86808 kB
NFS_Unstable:          0 kB
Bounce:                0 kB
WritebackTmp:          0 kB
CommitLimit:    17231276 kB
Committed_AS:   16948008 kB
VmallocTotal:   34359738367 kB
VmallocUsed:           0 kB
VmallocChunk:          0 kB
HardwareCorrupted:     0 kB
AnonHugePages:         0 kB
ShmemHugePages:        0 kB
ShmemPmdMapped:        0 kB
CmaTotal:              0 kB
CmaFree:               0 kB
HugePages_Total:       0
HugePages_Free:        0
HugePages_Rsvd:        0
HugePages_Surp:        0
Hugepagesize:       2048 kB
DirectMap4k:      497424 kB
DirectMap2M:    14749696 kB
DirectMap1G:    17825792 kB